2026-08-15 12:10:34 [INFO]: our first log for our first playwright test
2026-08-15 12:10:35 [INFO]: TC 01 is successfully executed
2026-08-15 12:12:34 [INFO]: our first log for our first playwright test
2026-08-15 12:12:35 [INFO]: TC 01 is successfully executed
2026-08-15 12:13:27 [INFO]: our first log for our first playwright test
2026-08-15 12:13:28 [INFO]: TC 01 is successfully executed
2026-08-15 12:13:43 [INFO]: TC 02 got executed successfully
2026-08-15 12:16:14 [INFO]: our first log for our first playwright test
2026-08-15 12:16:15 [INFO]: TC 01 is successfully executed
2026-08-15 12:16:30 [INFO]: TC 02 got executed successfully
2026-08-15 12:17:32 [INFO]: our first log for our first playwright test
2026-08-15 12:17:33 [WARN]: This is a warning 
2026-08-15 12:17:33 [INFO]: TC 01 is successfully executed
2026-08-15 12:17:48 [INFO]: TC 02 got executed successfully
2026-08-15 12:21:33 [ERROR]: This is an error message
2026-08-16 10:33:59 [INFO]: we are using playwright inbuilt locators
2026-08-16 10:33:59 [INFO]: ------ getbyplaceholder-----
2026-08-16 10:42:52 [INFO]: we are using playwright inbuilt locators
2026-08-16 10:42:52 [INFO]: ------ getbyplaceholder-----
2026-08-16 10:42:53 [INFO]: ------- getByRole------
2026-08-16 10:49:31 [INFO]: we are using playwright inbuilt locators
2026-08-16 10:49:31 [INFO]: ------ getbyplaceholder-----
2026-08-16 10:49:31 [INFO]: ------- getByRole------
2026-08-16 10:49:36 [INFO]: ------ getby test id-------
2026-08-16 11:00:45 [INFO]: we are using playwright inbuilt locators
2026-08-16 11:00:45 [INFO]: ------ getbyplaceholder-----
2026-08-16 11:00:45 [INFO]: ------- getByRole------
2026-08-16 11:00:50 [INFO]: ------ getby test id-------
2026-08-16 11:06:03 [INFO]: we are using playwright inbuilt locators
2026-08-16 11:06:03 [INFO]: ------ getbyplaceholder-----
2026-08-16 11:06:03 [INFO]: ------- getByRole------
2026-08-16 11:06:08 [INFO]: ------ getby test id-------
2026-08-16 11:06:14 [INFO]: ------ getbyText------
2026-08-22 11:05:29 [INFO]: our first log for our first playwright test
2026-08-22 11:05:29 [WARN]: This is a warning 
2026-08-22 11:05:29 [INFO]: TC 01 is successfully executed
2026-08-22 11:05:48 [INFO]: TC 02 got executed successfully
2026-08-22 11:05:48 [ERROR]: This is an error message
2026-08-22 11:14:53 [INFO]: we are using playwright inbuilt locators
2026-08-22 11:14:53 [INFO]: -------getByTitle------
2026-08-22 11:20:43 [INFO]: Test suite exectuion started
2026-08-22 11:20:43 [INFO]: we are using playwright inbuilt locators
2026-08-22 11:20:43 [INFO]: -------getByTitle------
2026-08-22 11:20:59 [INFO]: Test suite exectuion started
2026-08-22 11:21:00 [INFO]: we are using playwright inbuilt locators
2026-08-22 11:21:00 [INFO]: -------getByTitle------
2026-08-22 11:21:00 [INFO]: ------ getbyplaceholder-----
2026-08-22 11:21:00 [INFO]: ------- getByRole------
2026-08-22 11:21:07 [INFO]: ------ getby test id-------
2026-08-22 11:21:14 [INFO]: ------ getbyText------
2026-08-22 11:21:14 [INFO]: Test suite exectuion completed
2026-08-22 11:21:51 [INFO]: Test suite exectuion started for TC 21
2026-08-22 11:21:52 [INFO]: we are using playwright inbuilt locators
2026-08-22 11:21:52 [INFO]: -------getByTitle------
2026-08-22 11:21:52 [INFO]: ------ getbyplaceholder-----
2026-08-22 11:21:52 [INFO]: ------- getByRole------
2026-08-22 11:21:58 [INFO]: ------ getby test id-------
2026-08-22 11:22:05 [INFO]: ------ getbyText------
2026-08-22 11:22:05 [INFO]: Test suite exectuion completed for TC 21
2026-08-22 11:22:59 [INFO]: Test suite execution started
2026-08-22 11:23:01 [INFO]: our first log for our first playwright test
2026-08-22 11:23:03 [WARN]: This is a warning 
2026-08-22 11:23:03 [INFO]: TC 01 is successfully executed
2026-08-22 11:23:08 [INFO]: Test suite execution completed
2026-08-22 11:23:50 [INFO]: Test suite execution started
2026-08-22 11:23:50 [INFO]: Test suite execution started
2026-08-22 11:23:50 [INFO]: Test suite execution started
2026-08-22 11:23:51 [INFO]: Test suite execution completed
2026-08-22 11:23:53 [INFO]: our first log for our first playwright test
2026-08-22 11:23:54 [WARN]: This is a warning 
2026-08-22 11:23:54 [INFO]: TC 01 is successfully executed
2026-08-22 11:23:54 [INFO]: Test suite execution completed
2026-08-22 11:23:55 [INFO]: Test suite execution completed
2026-08-22 11:25:22 [INFO]: Test suite execution started
2026-08-22 11:25:24 [INFO]: our first log for our first playwright test
2026-08-22 11:25:25 [WARN]: This is a warning 
2026-08-22 11:25:25 [INFO]: TC 01 is successfully executed
2026-08-22 11:25:27 [INFO]: Test suite execution completed
2026-08-22 11:26:35 [INFO]: Test suite execution started
2026-08-22 11:26:36 [INFO]: Test case execution started
2026-08-22 11:26:37 [INFO]: our first log for our first playwright test
2026-08-22 11:26:37 [WARN]: This is a warning 
2026-08-22 11:26:37 [INFO]: TC 01 is successfully executed
2026-08-22 11:26:37 [INFO]: Test case execution completed
2026-08-22 11:26:38 [INFO]: Test case execution started
2026-08-22 11:26:39 [INFO]: Test case execution completed
2026-08-22 11:26:40 [INFO]: Test case execution started
2026-08-22 11:26:41 [INFO]: Test case execution completed
2026-08-22 11:26:41 [INFO]: Test suite execution completed
2026-08-23 10:17:03 [INFO]: Test suite execution started
2026-08-23 10:17:07 [INFO]: Test case execution started
2026-08-23 10:17:07 [INFO]: Test case execution completed
2026-08-23 10:17:09 [INFO]: Test suite execution completed
2026-08-23 10:19:14 [INFO]: Test suite execution started
2026-08-23 10:19:15 [INFO]: Test case execution started
2026-08-23 10:19:22 [INFO]: Test case execution completed
2026-08-23 10:19:22 [INFO]: Test suite execution completed
2026-08-23 11:06:16 [INFO]: Going to login page
2026-08-23 11:09:02 [INFO]: Going to login page
2026-08-23 11:09:46 [INFO]: Going to login page
2026-08-23 11:09:54 [INFO]: Login successful
2026-08-23 11:16:53 [INFO]: Going to login page
2026-08-23 11:16:54 [INFO]: Login successful
2026-08-23 11:16:54 [INFO]: Getting inventory items count
2026-08-23 11:42:03 [INFO]: Going to login page
2026-08-23 11:42:05 [INFO]: Login successful
2026-08-23 11:42:05 [INFO]: Getting inventory items count
2026-08-23 11:42:05 [INFO]: Clicking on checkout button
2026-08-23 11:43:43 [INFO]: Going to login page
2026-08-23 11:43:44 [INFO]: Login successful
2026-08-23 11:43:44 [INFO]: Getting inventory items count
2026-08-23 11:43:44 [INFO]: Clicking on checkout button
2026-08-23 11:44:32 [INFO]: Going to login page
2026-08-23 11:44:33 [INFO]: Login successful
2026-08-23 11:44:33 [INFO]: Getting inventory items count
2026-08-23 11:44:33 [INFO]: Clicking on checkout button
2026-08-23 11:56:45 [INFO]: Test suite execution started
2026-08-23 11:56:48 [INFO]: Test case execution started
2026-08-23 11:56:50 [INFO]: our first log for our first playwright test
2026-08-23 11:56:51 [WARN]: This is a warning 
2026-08-23 11:56:51 [INFO]: TC 01 is successfully executed
2026-08-23 11:56:51 [INFO]: Test case execution completed
2026-08-23 11:56:51 [INFO]: Test suite execution completed
2026-08-30 11:12:24 [INFO]: Test suite execution started
2026-08-30 11:12:27 [INFO]: Test case execution started
2026-08-30 11:12:28 [INFO]: our first log for our first playwright test
2026-08-30 11:12:28 [WARN]: This is a warning 
2026-08-30 11:12:28 [INFO]: TC 01 is successfully executed
2026-08-30 11:12:28 [INFO]: Test case execution completed
2026-08-30 11:12:30 [INFO]: Test suite execution completed
2026-08-30 11:21:41 [INFO]: Going to login page
2026-08-30 11:21:42 [INFO]: Login successful
2026-08-30 11:21:42 [INFO]: Getting inventory items count
2026-08-30 11:21:42 [INFO]: Clicking on checkout button
2026-08-30 11:21:45 [INFO]: Going to login page
2026-08-30 11:21:47 [INFO]: Login successful
2026-08-30 11:21:47 [INFO]: Getting inventory items count
2026-08-30 11:21:47 [INFO]: Clicking on checkout button
2026-08-30 11:21:50 [INFO]: Test suite execution started
2026-08-30 11:21:53 [INFO]: Test case execution started
2026-08-30 11:21:54 [INFO]: Test case execution completed
2026-08-30 11:21:55 [INFO]: Test case execution started
2026-08-30 11:21:57 [INFO]: Test case execution completed
2026-08-30 11:21:57 [INFO]: Test suite execution completed
2026-08-30 11:23:45 [INFO]: Test suite execution started
2026-08-30 11:23:47 [INFO]: Test case execution started
2026-08-30 11:23:47 [INFO]: our first log for our first playwright test
2026-08-30 11:23:48 [WARN]: This is a warning 
2026-08-30 11:23:48 [INFO]: TC 01 is successfully executed
2026-08-30 11:23:48 [INFO]: Test case execution completed
2026-08-30 11:23:49 [INFO]: Test suite execution completed
2026-08-30 11:24:08 [INFO]: Going to login page
2026-08-30 11:24:09 [INFO]: Login successful
2026-08-30 11:24:09 [INFO]: Getting inventory items count
2026-08-30 11:24:10 [INFO]: Clicking on checkout button
2026-08-30 11:24:13 [INFO]: Going to login page
2026-08-30 11:24:15 [INFO]: Login successful
2026-08-30 11:24:15 [INFO]: Getting inventory items count
2026-08-30 11:24:15 [INFO]: Clicking on checkout button
2026-08-30 11:24:18 [INFO]: Test suite execution started
2026-08-30 11:24:20 [INFO]: Test case execution started
2026-08-30 11:24:20 [INFO]: Test case execution completed
2026-08-30 11:24:21 [INFO]: Test case execution started
2026-08-30 11:24:23 [INFO]: Test case execution completed
2026-08-30 11:24:23 [INFO]: Test suite execution completed
2026-08-30 12:10:58 [INFO]: Test suite execution started
2026-08-30 12:10:59 [INFO]: Test case execution started
2026-08-30 12:11:02 [INFO]: our first log for our first playwright test
2026-08-30 12:11:03 [WARN]: This is a warning 
2026-08-30 12:11:03 [INFO]: TC 01 is successfully executed
2026-08-30 12:11:03 [INFO]: Test case execution completed
2026-08-30 12:11:03 [INFO]: Test suite execution completed
2026-09-05 10:33:45 [INFO]: Test suite execution started
2026-09-05 10:33:45 [INFO]: Test suite execution started
2026-09-05 10:33:46 [INFO]: Going to login page
2026-09-05 10:33:46 [INFO]: Test case execution started
2026-09-05 10:33:46 [INFO]: Test case execution started
2026-09-05 10:33:46 [INFO]: Test case execution completed
2026-09-05 10:33:47 [INFO]: Login successful
2026-09-05 10:33:47 [INFO]: Getting inventory items count
2026-09-05 10:33:47 [INFO]: Clicking on checkout button
2026-09-05 10:33:47 [INFO]: Test case execution completed
2026-09-05 10:33:48 [INFO]: Test suite execution completed
2026-09-05 10:33:48 [INFO]: Test suite execution completed
2026-09-05 10:33:49 [INFO]: Going to login page
2026-09-05 10:33:50 [INFO]: Login successful
2026-09-05 10:33:50 [INFO]: Getting inventory items count
2026-09-05 10:33:50 [INFO]: Clicking on checkout button
2026-09-05 10:34:47 [INFO]: Going to login page
2026-09-05 10:34:48 [INFO]: Login successful
2026-09-05 10:34:48 [INFO]: Getting inventory items count
2026-09-05 10:34:48 [INFO]: Clicking on checkout button
2026-09-05 10:34:51 [INFO]: Going to login page
2026-09-05 10:34:51 [INFO]: Login successful
2026-09-05 10:34:51 [INFO]: Getting inventory items count
2026-09-05 10:34:51 [INFO]: Clicking on checkout button
2026-09-05 10:35:12 [INFO]: Test suite execution started
2026-09-05 10:35:13 [INFO]: Going to login page
2026-09-05 10:35:13 [INFO]: Test case execution started
2026-09-05 10:35:13 [INFO]: our first log for our first playwright test
2026-09-05 10:35:14 [INFO]: Login successful
2026-09-05 10:35:14 [INFO]: Getting inventory items count
2026-09-05 10:35:14 [INFO]: Clicking on checkout button
2026-09-05 10:35:15 [WARN]: This is a warning 
2026-09-05 10:35:15 [INFO]: TC 01 is successfully executed
2026-09-05 10:35:15 [INFO]: Test case execution completed
2026-09-05 10:35:16 [INFO]: Test suite execution started
2026-09-05 10:35:16 [INFO]: Test case execution started
2026-09-05 10:35:16 [INFO]: Test suite execution started
2026-09-05 10:35:16 [INFO]: Test case execution started
2026-09-05 10:35:16 [INFO]: Test case execution started
2026-09-05 10:35:18 [INFO]: Going to login page
2026-09-05 10:35:19 [INFO]: Login successful
2026-09-05 10:35:19 [INFO]: Getting inventory items count
2026-09-05 10:35:19 [INFO]: Clicking on checkout button
2026-09-05 10:35:21 [INFO]: Test case execution completed
2026-09-05 10:35:21 [INFO]: Test suite execution completed
2026-09-05 10:35:22 [INFO]: Test suite execution started
2026-09-05 10:35:22 [INFO]: Test case execution started
2026-09-05 10:35:22 [INFO]: Test case execution completed
2026-09-05 10:35:23 [INFO]: Test suite execution completed
2026-09-05 10:35:25 [INFO]: Test suite execution started
2026-09-05 10:35:25 [INFO]: Test case execution started
2026-09-05 10:35:26 [INFO]: Test suite execution started
2026-09-05 10:35:26 [INFO]: Test case execution started
2026-09-05 10:35:31 [INFO]: Test case execution completed
2026-09-05 10:35:32 [INFO]: TC 02 got executed successfully
2026-09-05 10:35:32 [ERROR]: This is an error message
2026-09-05 10:35:32 [INFO]: Test case execution completed
2026-09-05 10:35:32 [INFO]: Test suite execution completed
2026-09-05 10:35:33 [INFO]: Test case execution completed
2026-09-05 10:35:34 [INFO]: Test suite execution completed
2026-09-05 10:35:34 [INFO]: Test case execution started
2026-09-05 10:35:37 [INFO]: Test suite execution started
2026-09-05 10:35:37 [INFO]: Test suite execution started
2026-09-05 10:35:37 [INFO]: Test case execution started
2026-09-05 10:35:37 [INFO]: Test case execution started
2026-09-05 10:35:45 [INFO]: Test case execution completed
2026-09-05 10:35:45 [INFO]: Test case execution completed
2026-09-05 10:35:46 [INFO]: Test case execution started
2026-09-05 10:35:46 [INFO]: Test case execution completed
2026-09-05 10:35:47 [INFO]: Test case execution started
2026-09-05 10:35:47 [INFO]: Test case execution started
2026-09-05 10:35:48 [INFO]: Test case execution completed
2026-09-05 10:35:48 [INFO]: Test case execution started
2026-09-05 10:35:52 [INFO]: Test case execution completed
2026-09-05 10:35:55 [INFO]: Test case execution completed
2026-09-05 10:35:56 [INFO]: Test case execution completed
2026-09-05 10:35:58 [INFO]: Test case execution started
2026-09-05 10:35:58 [INFO]: Test case execution completed
2026-09-05 10:35:58 [INFO]: Test suite execution completed
2026-09-05 10:35:58 [INFO]: Test case execution started
2026-09-05 10:36:00 [INFO]: Test case execution started
2026-09-05 10:36:03 [INFO]: Test suite execution started
2026-09-05 10:36:03 [INFO]: Test case execution completed
2026-09-05 10:36:03 [INFO]: Test case execution started
2026-09-05 10:36:05 [INFO]: Test case execution started
2026-09-05 10:36:06 [INFO]: Test case execution completed
2026-09-05 10:36:06 [INFO]: Test case execution completed
2026-09-05 10:36:07 [INFO]: Test suite execution completed
2026-09-05 10:36:09 [INFO]: Test case execution started
2026-09-05 10:36:12 [INFO]: Test suite execution started
2026-09-05 10:36:12 [INFO]: Test case execution completed
2026-09-05 10:36:13 [INFO]: Test case execution started
2026-09-05 10:36:14 [INFO]: Test case execution completed
2026-09-05 10:36:15 [INFO]: Test case execution started
2026-09-05 10:36:16 [INFO]: Test case execution started
2026-09-05 10:36:20 [INFO]: Test case execution completed
2026-09-05 10:36:22 [INFO]: Test suite execution completed
2026-09-05 10:36:22 [INFO]: Test case execution completed
2026-09-05 10:36:25 [INFO]: Test suite execution completed
2026-09-05 10:36:26 [INFO]: Test case execution completed
2026-09-05 10:36:32 [INFO]: Test suite execution completed
2026-09-05 10:36:33 [INFO]: Test case execution completed
2026-09-05 10:36:39 [INFO]: Test suite execution completed
2026-09-05 10:36:42 [INFO]: Test suite execution started
2026-09-05 10:36:42 [INFO]: Test case execution started
2026-09-05 10:36:47 [INFO]: Test case execution completed
2026-09-05 10:36:48 [INFO]: Test case execution started
2026-09-05 10:36:48 [INFO]: Test suite exectuion started for TC 21
2026-09-05 10:36:48 [INFO]: we are using playwright inbuilt locators
2026-09-05 10:36:48 [INFO]: -------getByTitle------
2026-09-05 10:36:48 [INFO]: ------ getbyplaceholder-----
2026-09-05 10:36:48 [INFO]: ------- getByRole------
2026-09-05 10:36:53 [INFO]: ------ getby test id-------
2026-09-05 10:36:58 [INFO]: ------ getbyText------
2026-09-05 10:36:58 [INFO]: Test suite exectuion completed for TC 21
2026-09-05 10:36:58 [INFO]: Test case execution completed
2026-09-05 10:37:00 [INFO]: Test case execution started
2026-09-05 10:37:00 [INFO]: Test case execution completed
2026-09-05 10:37:01 [INFO]: Test case execution started
2026-09-05 10:37:02 [INFO]: Test case execution completed
2026-09-05 10:37:02 [INFO]: Test case execution started
2026-09-05 10:37:03 [INFO]: Test case execution completed
2026-09-05 10:37:04 [INFO]: Test suite execution completed
2026-09-05 10:40:15 [INFO]: Test suite execution started
2026-09-05 10:40:16 [INFO]: Going to login page
2026-09-05 10:40:16 [INFO]: Test case execution started
2026-09-05 10:40:16 [INFO]: our first log for our first playwright test
2026-09-05 10:40:17 [INFO]: Login successful
2026-09-05 10:40:17 [INFO]: Getting inventory items count
2026-09-05 10:40:17 [INFO]: Clicking on checkout button
2026-09-05 10:40:18 [WARN]: This is a warning 
2026-09-05 10:40:18 [INFO]: TC 01 is successfully executed
2026-09-05 10:40:18 [INFO]: Test case execution completed
2026-09-05 10:40:19 [INFO]: Test suite execution started
2026-09-05 10:40:19 [INFO]: Test suite execution started
2026-09-05 10:40:19 [INFO]: Test case execution started
2026-09-05 10:40:19 [INFO]: Test case execution started
2026-09-05 10:40:19 [INFO]: Test case execution started
2026-09-05 10:40:21 [INFO]: Going to login page
2026-09-05 10:40:22 [INFO]: Login successful
2026-09-05 10:40:22 [INFO]: Getting inventory items count
2026-09-05 10:40:22 [INFO]: Clicking on checkout button
2026-09-05 10:40:23 [INFO]: Test case execution completed
2026-09-05 10:40:24 [INFO]: Test suite execution completed
2026-09-05 10:40:24 [INFO]: Test suite execution started
2026-09-05 10:40:25 [INFO]: Test case execution started
2026-09-05 10:40:25 [INFO]: Test case execution completed
2026-09-05 10:40:25 [INFO]: Test suite execution completed
2026-09-05 10:40:26 [INFO]: Test suite execution started
2026-09-05 10:40:27 [INFO]: Test case execution started
2026-09-05 10:40:29 [INFO]: Test suite execution started
2026-09-05 10:40:29 [INFO]: Test case execution started
2026-09-05 10:40:31 [INFO]: Test case execution completed
2026-09-05 10:40:33 [INFO]: Test suite execution completed
2026-09-05 10:40:34 [INFO]: Test suite execution started
2026-09-05 10:40:35 [INFO]: Test case execution completed
2026-09-05 10:40:35 [INFO]: Test case execution started
2026-09-05 10:40:35 [INFO]: TC 02 got executed successfully
2026-09-05 10:40:35 [ERROR]: This is an error message
2026-09-05 10:40:35 [INFO]: Test case execution completed
2026-09-05 10:40:35 [INFO]: Test suite execution completed
2026-09-05 10:40:36 [INFO]: Test case execution started
2026-09-05 10:40:37 [INFO]: Test suite execution started
2026-09-05 10:40:37 [INFO]: Test case execution started
2026-09-05 10:40:43 [INFO]: Test case execution completed
2026-09-05 10:40:44 [INFO]: Test case execution started
2026-09-05 10:40:46 [INFO]: Test case execution completed
2026-09-05 10:40:47 [INFO]: Test case execution started
2026-09-05 10:40:47 [INFO]: Test case execution completed
2026-09-05 10:40:48 [INFO]: Test case execution started
2026-09-05 10:40:48 [INFO]: Test case execution completed
2026-09-05 10:40:48 [INFO]: Test case execution started
2026-09-05 10:40:52 [INFO]: Test case execution completed
2026-09-05 10:40:53 [INFO]: Test case execution started
2026-09-05 10:40:54 [INFO]: Test case execution completed
2026-09-05 10:40:56 [INFO]: Test case execution completed
2026-09-05 10:40:58 [INFO]: Test case execution started
2026-09-05 10:40:58 [INFO]: Test case execution completed
2026-09-05 10:40:59 [INFO]: Test case execution started
2026-09-05 10:41:01 [INFO]: Test case execution completed
2026-09-05 10:41:02 [INFO]: Test suite execution completed
2026-09-05 10:41:02 [INFO]: Test case execution completed
2026-09-05 10:41:03 [INFO]: Test case execution started
2026-09-05 10:41:03 [INFO]: Test case execution started
2026-09-05 10:41:04 [INFO]: Test case execution completed
2026-09-05 10:41:05 [INFO]: Test suite execution completed
2026-09-05 10:41:09 [INFO]: Test suite execution started
2026-09-05 10:41:09 [INFO]: Test case execution completed
2026-09-05 10:41:10 [INFO]: Test case execution completed
2026-09-05 10:41:11 [INFO]: Test case execution started
2026-09-05 10:41:11 [INFO]: Test case execution started
2026-09-05 10:41:12 [INFO]: Test suite execution started
2026-09-05 10:41:13 [INFO]: Test case execution started
2026-09-05 10:41:16 [INFO]: Test case execution started
2026-09-05 10:41:23 [INFO]: Test case execution completed
2026-09-05 10:41:26 [INFO]: Test case execution completed
2026-09-05 10:41:29 [INFO]: Test suite execution completed
2026-09-05 10:41:35 [INFO]: Test suite execution completed
2026-09-05 10:41:40 [INFO]: Test case execution completed
2026-09-05 10:41:42 [INFO]: Test case execution completed
2026-09-05 10:41:44 [INFO]: Test suite execution completed
2026-09-05 10:41:46 [INFO]: Test suite execution started
2026-09-05 10:41:47 [INFO]: Test case execution started
2026-09-05 10:41:49 [INFO]: Test suite execution completed
2026-09-05 10:41:56 [INFO]: Test suite execution started
2026-09-05 10:41:58 [INFO]: Test case execution started
2026-09-05 10:42:01 [INFO]: Test case execution completed
2026-09-05 10:42:05 [INFO]: Test case execution completed
2026-09-05 10:42:07 [INFO]: Test case execution started
2026-09-05 10:42:07 [INFO]: Test suite exectuion started for TC 21
2026-09-05 10:42:08 [INFO]: we are using playwright inbuilt locators
2026-09-05 10:42:08 [INFO]: -------getByTitle------
2026-09-05 10:42:08 [INFO]: ------ getbyplaceholder-----
2026-09-05 10:42:08 [INFO]: ------- getByRole------
2026-09-05 10:42:14 [INFO]: ------ getby test id-------
2026-09-05 10:42:15 [INFO]: Test suite execution completed
2026-09-05 10:42:19 [INFO]: ------ getbyText------
2026-09-05 10:42:19 [INFO]: Test suite exectuion completed for TC 21
2026-09-05 10:42:19 [INFO]: Test case execution completed
2026-09-05 10:42:20 [INFO]: Test case execution started
2026-09-05 10:42:20 [INFO]: Test case execution completed
2026-09-05 10:42:21 [INFO]: Test case execution started
2026-09-05 10:42:21 [INFO]: Test case execution completed
2026-09-05 10:42:22 [INFO]: Test case execution started
2026-09-05 10:42:22 [INFO]: Test case execution completed
2026-09-05 10:42:22 [INFO]: Test suite execution completed
2026-09-05 10:43:09 [INFO]: Going to login page
2026-09-05 10:43:09 [INFO]: Test suite execution started
2026-09-05 10:43:09 [INFO]: Test case execution started
2026-09-05 10:43:09 [INFO]: Login successful
2026-09-05 10:43:09 [INFO]: Getting inventory items count
2026-09-05 10:43:10 [INFO]: our first log for our first playwright test
2026-09-05 10:43:10 [INFO]: Clicking on checkout button
2026-09-05 10:43:10 [WARN]: This is a warning 
2026-09-05 10:43:10 [INFO]: TC 01 is successfully executed
2026-09-05 10:43:10 [INFO]: Test case execution completed
2026-09-05 10:43:11 [INFO]: Test case execution started
2026-09-05 10:43:12 [INFO]: Going to login page
2026-09-05 10:43:13 [INFO]: Login successful
2026-09-05 10:43:13 [INFO]: Getting inventory items count
2026-09-05 10:43:13 [INFO]: Clicking on checkout button
2026-09-05 10:43:15 [INFO]: Test suite execution started
2026-09-05 10:43:15 [INFO]: Test case execution started
2026-09-05 10:43:21 [INFO]: Test case execution completed
2026-09-05 10:43:21 [INFO]: Test suite execution completed
2026-09-05 10:43:22 [INFO]: Test suite execution started
2026-09-05 10:43:23 [INFO]: Test case execution started
2026-09-05 10:43:26 [INFO]: TC 02 got executed successfully
2026-09-05 10:43:26 [ERROR]: This is an error message
2026-09-05 10:43:26 [INFO]: Test case execution completed
2026-09-05 10:43:27 [INFO]: Test case execution started
2026-09-05 10:43:28 [INFO]: Test case execution completed
2026-09-05 10:43:28 [INFO]: Test suite execution completed
2026-09-05 10:43:30 [INFO]: Test suite execution started
2026-09-05 10:43:30 [INFO]: Test case execution started
2026-09-05 10:43:37 [INFO]: Test case execution completed
2026-09-05 10:43:37 [INFO]: Test case execution started
2026-09-05 10:43:38 [INFO]: Test case execution completed
2026-09-05 10:43:38 [INFO]: Test case execution started
2026-09-05 10:43:40 [INFO]: Test case execution completed
2026-09-05 10:43:41 [INFO]: Test case execution started
2026-09-05 10:43:46 [INFO]: Test case execution completed
2026-09-05 10:43:47 [INFO]: Test case execution started
2026-09-05 10:43:50 [INFO]: Test case execution completed
2026-09-05 10:43:51 [INFO]: Test case execution started
2026-09-05 10:43:52 [INFO]: Test case execution completed
2026-09-05 10:43:52 [INFO]: Test suite execution completed
2026-09-05 10:43:54 [INFO]: Test case execution completed
2026-09-05 10:43:54 [INFO]: Test case execution started
2026-09-05 10:43:54 [INFO]: Test suite execution started
2026-09-05 10:43:55 [INFO]: Test case execution started
2026-09-05 10:43:59 [INFO]: Test case execution completed
2026-09-05 10:44:00 [INFO]: Test case execution completed
2026-09-05 10:44:00 [INFO]: Test case execution started
2026-09-05 10:44:01 [INFO]: Test suite execution completed
2026-09-05 10:44:03 [INFO]: Test suite execution started
2026-09-05 10:44:03 [INFO]: Test case execution started
2026-09-05 10:44:07 [INFO]: Test case execution completed
2026-09-05 10:44:07 [INFO]: Test case execution completed
2026-09-05 10:44:08 [INFO]: Test case execution started
2026-09-05 10:44:08 [INFO]: Test suite execution completed
2026-09-05 10:44:10 [INFO]: Test suite execution started
2026-09-05 10:44:10 [INFO]: Test case execution started
2026-09-05 10:44:14 [INFO]: Test case execution completed
2026-09-05 10:44:15 [INFO]: Test suite execution completed
2026-09-05 10:44:16 [INFO]: Test suite execution started
2026-09-05 10:44:16 [INFO]: Test case execution started
2026-09-05 10:44:25 [INFO]: Test case execution completed
2026-09-05 10:44:25 [INFO]: Test case execution started
2026-09-05 10:44:33 [INFO]: Test case execution completed
2026-09-05 10:44:34 [INFO]: Test case execution started
2026-09-05 10:44:38 [INFO]: Test case execution completed
2026-09-05 10:44:38 [INFO]: Test suite execution completed
2026-09-05 10:44:40 [INFO]: Test suite execution started
2026-09-05 10:44:40 [INFO]: Test case execution started
2026-09-05 10:44:42 [INFO]: Test case execution completed
2026-09-05 10:44:43 [INFO]: Test case execution started
2026-09-05 10:44:47 [INFO]: Test case execution completed
2026-09-05 10:44:48 [INFO]: Test case execution started
2026-09-05 10:44:56 [INFO]: Test case execution completed
2026-09-05 10:45:02 [INFO]: Test suite execution completed
2026-09-05 10:45:10 [INFO]: Test case execution completed
2026-09-05 10:45:14 [INFO]: Test suite execution completed
2026-09-05 10:45:16 [INFO]: Test suite execution started
2026-09-05 10:45:17 [INFO]: Test case execution started
2026-09-05 10:45:22 [INFO]: Test case execution completed
2026-09-05 10:45:22 [INFO]: Test case execution started
2026-09-05 10:45:22 [INFO]: Test suite exectuion started for TC 21
2026-09-05 10:45:23 [INFO]: we are using playwright inbuilt locators
2026-09-05 10:45:23 [INFO]: -------getByTitle------
2026-09-05 10:45:23 [INFO]: ------ getbyplaceholder-----
2026-09-05 10:45:23 [INFO]: ------- getByRole------
2026-09-05 10:45:28 [INFO]: ------ getby test id-------
2026-09-05 10:45:33 [INFO]: ------ getbyText------
2026-09-05 10:45:33 [INFO]: Test suite exectuion completed for TC 21
2026-09-05 10:45:33 [INFO]: Test case execution completed
2026-09-05 10:45:34 [INFO]: Test case execution started
2026-09-05 10:45:35 [INFO]: Test case execution completed
2026-09-05 10:45:35 [INFO]: Test case execution started
2026-09-05 10:45:36 [INFO]: Test case execution completed
2026-09-05 10:45:37 [INFO]: Test case execution started
2026-09-05 10:45:37 [INFO]: Test case execution completed
2026-09-05 10:45:38 [INFO]: Test suite execution completed
2026-09-05 10:50:27 [INFO]: Going to login page
2026-09-05 10:50:29 [INFO]: Login successful
2026-09-05 10:50:29 [INFO]: Getting inventory items count
2026-09-05 10:50:30 [INFO]: Clicking on checkout button
2026-09-05 10:50:30 [INFO]: Test suite execution started
2026-09-05 10:50:31 [INFO]: Test case execution started
2026-09-05 10:50:32 [INFO]: our first log for our first playwright test
2026-09-05 10:50:32 [WARN]: This is a warning 
2026-09-05 10:50:32 [INFO]: TC 01 is successfully executed
2026-09-05 10:50:32 [INFO]: Test case execution completed
2026-09-05 10:50:33 [INFO]: Test suite execution completed
2026-09-05 10:55:46 [INFO]: Going to login page
2026-09-05 10:55:53 [INFO]: Login successful
2026-09-05 10:55:53 [INFO]: Getting inventory items count
2026-09-05 10:55:56 [INFO]: Clicking on checkout button
2026-09-05 10:56:04 [INFO]: Going to login page
2026-09-05 10:56:09 [INFO]: Login successful
2026-09-05 10:56:09 [INFO]: Getting inventory items count
2026-09-05 10:56:09 [INFO]: Clicking on checkout button
2026-09-05 11:31:33 [INFO]: Test suite execution started
2026-09-05 11:31:35 [INFO]: Test case execution started
2026-09-05 11:31:35 [INFO]: our first log for our first playwright test
2026-09-05 11:31:36 [WARN]: This is a warning 
2026-09-05 11:31:36 [INFO]: TC 01 is successfully executed
2026-09-05 11:31:36 [INFO]: Test case execution completed
2026-09-05 11:31:37 [INFO]: Test case execution started
2026-09-05 11:31:53 [INFO]: TC 02 got executed successfully
2026-09-05 11:31:53 [ERROR]: This is an error message
2026-09-05 11:31:53 [INFO]: Test case execution completed
2026-09-05 11:31:55 [INFO]: Test case execution started
2026-09-05 11:32:06 [INFO]: Test case execution completed
2026-09-05 11:32:07 [INFO]: Test case execution started
2026-09-05 11:32:09 [INFO]: Test case execution completed
2026-09-05 11:32:10 [INFO]: Test case execution started
2026-09-05 11:32:14 [INFO]: Test case execution completed
2026-09-05 11:32:14 [INFO]: Test suite execution completed
2026-09-05 11:32:39 [INFO]: Test suite execution started
2026-09-05 11:32:41 [INFO]: Test case execution started
2026-09-05 11:32:42 [INFO]: our first log for our first playwright test
2026-09-05 11:32:42 [WARN]: This is a warning 
2026-09-05 11:32:42 [INFO]: TC 01 is successfully executed
2026-09-05 11:32:42 [INFO]: Test case execution completed
2026-09-05 11:32:43 [INFO]: Test case execution started
2026-09-05 11:33:00 [INFO]: TC 02 got executed successfully
2026-09-05 11:33:00 [ERROR]: This is an error message
2026-09-05 11:33:00 [INFO]: Test case execution completed
2026-09-05 11:33:01 [INFO]: Test case execution started
2026-09-05 11:33:12 [INFO]: Test case execution completed
2026-09-05 11:33:13 [INFO]: Test case execution started
2026-09-05 11:33:14 [INFO]: Test case execution completed
2026-09-05 11:33:15 [INFO]: Test case execution started
2026-09-05 11:33:20 [INFO]: Test case execution completed
2026-09-05 11:33:20 [INFO]: Test suite execution completed
2026-09-05 11:33:33 [INFO]: Test suite execution started
2026-09-05 11:33:34 [INFO]: Test case execution started
2026-09-05 11:33:35 [INFO]: our first log for our first playwright test
2026-09-05 11:33:35 [WARN]: This is a warning 
2026-09-05 11:33:35 [INFO]: TC 01 is successfully executed
2026-09-05 11:33:35 [INFO]: Test case execution completed
2026-09-05 11:33:36 [INFO]: Test case execution started
2026-09-05 11:33:53 [INFO]: TC 02 got executed successfully
2026-09-05 11:33:53 [ERROR]: This is an error message
2026-09-05 11:33:53 [INFO]: Test case execution completed
2026-09-05 11:33:54 [INFO]: Test case execution started
2026-09-05 11:34:05 [INFO]: Test case execution completed
2026-09-05 11:34:06 [INFO]: Test case execution started
2026-09-05 11:34:08 [INFO]: Test case execution completed
2026-09-05 11:34:09 [INFO]: Test case execution started
2026-09-05 11:34:43 [INFO]: Test case execution completed
2026-09-05 11:34:58 [INFO]: Test suite execution completed
2026-09-05 11:35:00 [INFO]: Test suite execution started
2026-09-05 11:35:01 [INFO]: Test case execution started
2026-09-05 11:35:10 [INFO]: Test case execution completed
2026-09-05 11:35:12 [INFO]: Test case execution started
2026-09-05 11:35:19 [INFO]: Test case execution completed
2026-09-05 11:35:19 [INFO]: Test suite execution completed
2026-09-05 11:35:21 [INFO]: Test suite execution started
2026-09-05 11:35:22 [INFO]: Test case execution started
2026-09-05 11:35:27 [INFO]: Test case execution completed
2026-09-05 11:35:28 [INFO]: Test suite execution completed
2026-09-05 11:35:30 [INFO]: Test suite execution started
2026-09-05 11:35:31 [INFO]: Test case execution started
2026-09-05 11:35:36 [INFO]: Test case execution completed
2026-09-05 11:35:36 [INFO]: Test suite execution completed
2026-09-05 11:35:38 [INFO]: Test suite execution started
2026-09-05 11:35:39 [INFO]: Test case execution started
2026-09-05 11:35:44 [INFO]: Test case execution completed
2026-09-05 11:35:45 [INFO]: Test suite execution completed
2026-09-05 11:35:47 [INFO]: Test suite execution started
2026-09-05 11:35:48 [INFO]: Test case execution started
2026-09-05 11:35:57 [INFO]: Test case execution completed
2026-09-05 11:35:59 [INFO]: Test case execution started
2026-09-05 11:36:07 [INFO]: Test case execution completed
2026-09-05 11:36:09 [INFO]: Test case execution started
2026-09-05 11:36:18 [INFO]: Test case execution completed
2026-09-05 11:36:19 [INFO]: Test case execution started
2026-09-05 11:36:26 [INFO]: Test case execution completed
2026-09-05 11:36:28 [INFO]: Test case execution started
2026-09-05 11:36:41 [INFO]: Test case execution completed
2026-09-05 11:36:42 [INFO]: Test case execution started
2026-09-05 11:36:48 [INFO]: Test case execution completed
2026-09-05 11:36:49 [INFO]: Test suite execution completed
2026-09-05 11:36:50 [INFO]: Test suite execution started
2026-09-05 11:36:51 [INFO]: Test case execution started
2026-09-05 11:36:57 [INFO]: Test case execution completed
2026-09-05 11:36:58 [INFO]: Test suite execution completed
2026-09-05 11:36:59 [INFO]: Test suite execution started
2026-09-05 11:37:01 [INFO]: Test case execution started
2026-09-05 11:37:30 [INFO]: Test case execution completed
2026-09-05 11:37:33 [INFO]: Test suite execution completed
2026-09-05 11:37:35 [INFO]: Test suite execution started
2026-09-05 11:37:36 [INFO]: Test case execution started
2026-09-05 11:38:05 [INFO]: Test case execution completed
2026-09-05 11:38:08 [INFO]: Test suite execution completed
2026-09-05 11:38:10 [INFO]: Test suite execution started
2026-09-05 11:38:11 [INFO]: Test case execution started
2026-09-05 11:38:21 [INFO]: Test case execution completed
2026-09-05 11:38:22 [INFO]: Test case execution started
2026-09-05 11:38:25 [INFO]: Test case execution completed
2026-09-05 11:38:27 [INFO]: Test case execution started
2026-09-05 11:38:56 [INFO]: Test case execution completed
2026-09-05 11:38:59 [INFO]: Test suite execution completed
2026-09-05 11:39:01 [INFO]: Test suite execution started
2026-09-05 11:39:02 [INFO]: Test case execution started
2026-09-05 11:39:31 [INFO]: Test case execution completed
2026-09-05 11:39:34 [INFO]: Test suite execution completed
2026-09-05 11:39:36 [INFO]: Test suite execution started
2026-09-05 11:39:37 [INFO]: Test case execution started
2026-09-05 11:39:44 [INFO]: Test case execution completed
2026-09-05 11:39:46 [INFO]: Test case execution started
2026-09-05 11:40:16 [INFO]: Test case execution completed
2026-09-05 11:40:21 [INFO]: Test suite execution completed
2026-09-05 11:40:22 [INFO]: Test suite execution started
2026-09-05 11:40:24 [INFO]: Test case execution started
2026-09-05 11:40:53 [INFO]: Test case execution completed
2026-09-05 11:40:58 [INFO]: Test suite execution completed
2026-09-05 11:41:01 [INFO]: Test suite execution started
2026-09-05 11:41:02 [INFO]: Test case execution started
2026-09-05 11:41:14 [INFO]: Test case execution completed
2026-09-05 11:41:16 [INFO]: Test case execution started
2026-09-05 11:41:16 [INFO]: Test suite exectuion started for TC 21
2026-09-05 11:41:16 [INFO]: we are using playwright inbuilt locators
2026-09-05 11:41:16 [INFO]: -------getByTitle------
2026-09-05 11:41:16 [INFO]: ------ getbyplaceholder-----
2026-09-05 11:41:16 [INFO]: ------- getByRole------
2026-09-05 11:41:22 [INFO]: ------ getby test id-------
2026-09-05 11:41:27 [INFO]: ------ getbyText------
2026-09-05 11:41:27 [INFO]: Test suite exectuion completed for TC 21
2026-09-05 11:41:27 [INFO]: Test case execution completed
2026-09-05 11:41:29 [INFO]: Test case execution started
2026-09-05 11:41:29 [INFO]: Test case execution completed
2026-09-05 11:41:30 [INFO]: Test case execution started
2026-09-05 11:41:32 [INFO]: Test case execution completed
2026-09-05 11:41:33 [INFO]: Test case execution started
2026-09-05 11:41:34 [INFO]: Test case execution completed
2026-09-05 11:41:34 [INFO]: Test suite execution completed
2026-09-05 11:42:41 [INFO]: Test suite execution started
2026-09-05 11:42:41 [INFO]: Test suite execution started
2026-09-05 11:42:41 [INFO]: Test suite execution started
2026-09-05 11:42:41 [INFO]: Test suite execution started
2026-09-05 11:42:44 [INFO]: Test case execution started
2026-09-05 11:42:45 [INFO]: Test case execution started
2026-09-05 11:42:45 [INFO]: Test case execution started
2026-09-05 11:42:45 [INFO]: Test case execution started
2026-09-05 11:42:47 [INFO]: our first log for our first playwright test
2026-09-05 11:42:48 [WARN]: This is a warning 
2026-09-05 11:42:48 [INFO]: TC 01 is successfully executed
2026-09-05 11:42:48 [INFO]: Test case execution completed
2026-09-05 11:42:52 [INFO]: Test case execution started
2026-09-05 11:42:52 [INFO]: Test case execution completed
2026-09-05 11:42:53 [INFO]: Test case execution completed
2026-09-05 11:42:54 [INFO]: Test suite execution completed
2026-09-05 11:42:54 [INFO]: Test suite execution completed
2026-09-05 11:42:58 [INFO]: Test suite execution started
2026-09-05 11:42:59 [INFO]: Test suite execution started
2026-09-05 11:43:00 [INFO]: Test case execution started
2026-09-05 11:43:03 [INFO]: Test case execution started
2026-09-05 11:43:08 [INFO]: Test case execution completed
2026-09-05 11:43:09 [INFO]: Test suite execution completed
2026-09-05 11:43:09 [INFO]: TC 02 got executed successfully
2026-09-05 11:43:09 [ERROR]: This is an error message
2026-09-05 11:43:09 [INFO]: Test case execution completed
2026-09-05 11:43:09 [INFO]: Test case execution completed
2026-09-05 11:43:11 [INFO]: Test case execution started
2026-09-05 11:43:11 [INFO]: Test suite execution completed
2026-09-05 11:43:12 [INFO]: Test case execution completed
2026-09-05 11:43:14 [INFO]: Test suite execution started
2026-09-05 11:43:16 [INFO]: Test case execution started
2026-09-05 11:43:17 [INFO]: Test suite execution started
2026-09-05 11:43:19 [INFO]: Test case execution started
2026-09-05 11:43:22 [INFO]: Test case execution completed
2026-09-05 11:43:23 [INFO]: Test suite execution completed
2026-09-05 11:43:25 [INFO]: Test case execution started
2026-09-05 11:43:27 [INFO]: Test case execution completed
2026-09-05 11:43:27 [INFO]: Test case execution completed
2026-09-05 11:43:27 [INFO]: Test suite execution started
2026-09-05 11:43:28 [INFO]: Test case execution completed
2026-09-05 11:43:28 [INFO]: Test case execution started
2026-09-05 11:43:31 [INFO]: Test case execution started
2026-09-05 11:43:31 [INFO]: Test case execution started
2026-09-05 11:43:33 [INFO]: Test case execution started
2026-09-05 11:43:39 [INFO]: Test case execution completed
2026-09-05 11:43:41 [INFO]: Test case execution started
2026-09-05 11:43:42 [INFO]: Test case execution completed
2026-09-05 11:43:43 [INFO]: Test case execution completed
2026-09-05 11:43:48 [INFO]: Test case execution started
2026-09-05 11:43:48 [INFO]: Test case execution started
2026-09-05 11:43:49 [INFO]: Test case execution completed
2026-09-05 11:43:50 [INFO]: Test suite execution completed
2026-09-05 11:43:51 [INFO]: Test case execution completed
2026-09-05 11:43:53 [INFO]: Test case execution started
2026-09-05 11:43:57 [INFO]: Test suite execution started
2026-09-05 11:43:57 [INFO]: Test case execution completed
2026-09-05 11:43:59 [INFO]: Test case execution started
2026-09-05 11:44:00 [INFO]: Test case execution completed
2026-09-05 11:44:01 [INFO]: Test case execution started
2026-09-05 11:44:02 [INFO]: Test case execution completed
2026-09-05 11:44:05 [INFO]: Test case execution started
2026-09-05 11:44:08 [INFO]: Test case execution completed
2026-09-05 11:44:10 [INFO]: Test suite execution completed
2026-09-05 11:44:11 [INFO]: Test case execution completed
2026-09-05 11:44:12 [INFO]: Test case execution started
2026-09-05 11:44:14 [INFO]: Test case execution completed
2026-09-05 11:44:15 [INFO]: Test suite execution completed
2026-09-05 11:44:18 [INFO]: Test suite execution completed
2026-09-05 11:44:21 [INFO]: Test suite execution started
2026-09-05 11:44:23 [INFO]: Test case execution started
2026-09-05 11:44:28 [INFO]: Test case execution completed
2026-09-05 11:44:29 [INFO]: Test suite execution completed
2026-09-05 11:44:38 [INFO]: Test case execution completed
2026-09-05 11:44:40 [INFO]: Test case execution started
2026-09-05 11:44:40 [INFO]: Test suite exectuion started for TC 21
2026-09-05 11:44:40 [INFO]: we are using playwright inbuilt locators
2026-09-05 11:44:40 [INFO]: -------getByTitle------
2026-09-05 11:44:40 [INFO]: ------ getbyplaceholder-----
2026-09-05 11:44:40 [INFO]: ------- getByRole------
